
> app@0.0.1 build
> astro build

00:07:05 [types] Generated 366ms
00:07:05 [build] output: "static"
00:07:05 [build] directory: C:\Users\ncsra\OneDrive\Documents\My Web Sites\rayonis\dist\
00:07:05 [build] Collecting build info...
00:07:05 [build] Ô£ô Completed in 447ms.
00:07:05 [build] Building static entrypoints...
node.exe : 00:07:06 [ERROR] [vite] [31mx[39m Build 
failed in 1.11s
Au caractère C:\Program Files\nodejs\npm.ps1:29 : 3
+   & $NODE_EXE $NPM_CLI_JS $args
+   ~~~~~~~~~~~~~~~~~~~~~~~~~~~~~
    + CategoryInfo          : NotSpecified: (00:07:06 [ER 
   ROR...failed in 1.11s:String) [], RemoteException
    + FullyQualifiedErrorId : NativeCommandError
 
[InvalidContentEntryFrontmatterError] 
[astro:content-imports] radio ÔåÆ 
2026-02-04/the-latest-ai-news-we-announced-in-january.md 
frontmatter does not match collection schema.
date: Expected type `"date"`, received "string"
file: C:/Users/ncsra/OneDrive/Documents/My Web Sites/rayon
is/src/content/radio/2026-02-04/the-latest-ai-news-we-anno
unced-in-january.md?astroContentCollectionEntry=true:0:0
  Hint:
    See 
https://docs.astro.build/en/guides/content-collections/ 
for more information on content schemas.
  Error reference:
    https://docs.astro.build/en/reference/errors/invalid-c
ontent-entry-frontmatter-error/
  Location:
    C:/Users/ncsra/OneDrive/Documents/My Web Sites/rayonis
/src/content/radio/2026-02-04/the-latest-ai-news-we-announ
ced-in-january.md:0:0
  Stack trace:
    at getEntryDataAndImages (file:///C:/Users/ncsra/OneDr
ive/Documents/My%20Web%20Sites/rayonis/node_modules/astro/
dist/content/utils.js:137:26)
    at async getContentEntryModule (file:///C:/Users/ncsra
/OneDrive/Documents/My%20Web%20Sites/rayonis/node_modules/
astro/dist/content/vite-plugin-content-imports.js:171:35)
    at async transform (file:///C:/Users/ncsra/OneDrive/Do
cuments/My%20Web%20Sites/rayonis/node_modules/rollup/dist/
es/shared/node-entry.js:21246:16)
